
> temp-app@0.1.0 build
> next build

npm : ΓÜá Warning: Next.js 
inferred your workspace 
root, but it may not be 
correct.
At line:1 char:1
+ npm run build > 
build_output.txt 2>&1
+ ~~~~~~~~~~~~~~~~~~~~~~~~~
~~~~~~~~~~~~
    + CategoryInfo         
     : NotSpecified: (ΓÜá  
   Warning: Ne...not be    
 correct.:String) [], R    
emoteException
    + FullyQualifiedErrorI 
   d : NativeCommandError
 
 We detected multiple 
lockfiles and selected the 
directory of 
C:\Users\Engr. John 
Rome\package-lock.json as 
the root directory.
 To silence this warning, 
set `turbopack.root` in 
your Next.js config, or 
consider removing one of 
the lockfiles if it's not 
needed.
   See https://nextjs.org/d
ocs/app/api-reference/confi
g/next-config-js/turbopack#
root-directory for more 
information.
 Detected additional 
lockfiles: 
   * C:\Users\Engr. John Ro
me\Desktop\fcamp-site\packa
ge-lock.json

Γû▓ Next.js 16.2.2 (Turbopack)
- Environments: .env.local

ΓÜá The "middleware" file 
convention is deprecated. 
Please use "proxy" 
instead. Learn more: https:
//nextjs.org/docs/messages/
middleware-to-proxy
  Creating an optimized production build ...
Γ£ô Compiled successfully in 2.9s
  Running TypeScript ...
  Finished TypeScript in 2.5s ...
  Collecting page data using 10 workers ...
  Generating static pages using 10 workers (0/9) ...
  Generating static pages using 10 workers (2/9) 
  Generating static pages using 10 workers (4/9) 
  Generating static pages using 10 workers (6/9) 
Γ£ô Generating static pages using 10 workers (9/9) in 665ms
  Finalizing page optimization ...

Route (app)
Γöî Γùï /
Γö£ Γùï /_not-found
Γö£ ╞Æ /admin/dashboard
Γö£ Γùï /admin/login
Γö£ ╞Æ /api/admin/create-account
Γö£ ╞Æ /api/upload
Γöö Γùï /register


╞Æ Proxy (Middleware)

Γùï  (Static)   prerendered as static content
╞Æ  (Dynamic)  server-rendered on demand

